// Code generated by genplay; DO NOT EDIT.
package a

var _ = HogeEntity

func (e *HogeEntity) Getn() int {
	return this.n
}
